  dllmain.cpp
D:\Git\Athena\SDK\Basic.hpp(280,7): warning C4099: 'SDK::FName': type name first seen using 'struct' now seen using 'class'
  (compiling source file 'dllmain.cpp')
  D:\Git\Athena\SDK\Basic.hpp(280,7):
  see declaration of 'SDK::FName'
  
D:\Git\Athena\SDK\CoreUObject_structs.hpp(329,31): warning C4244: 'return': conversion from 'double' to 'SDK::FVector::UnderlayingType', possible loss of data
  (compiling source file 'dllmain.cpp')
  
D:\Git\Athena\SDK\HeadMountedDisplay_structs.hpp(27,2): warning C4309: 'initializing': truncation of constant value
  (compiling source file 'dllmain.cpp')
  
D:\Git\Athena\SDK\HeadMountedDisplay_structs.hpp(27,2): warning C4369: 'SDK::EXRTrackedDeviceType::EXRTrackedDeviceType_MAX':  enumerator value '256' cannot be represented as 'unsigned char', value is '256'
  (compiling source file 'dllmain.cpp')
  
  buffer.c
  hde32.c
  hde64.c
  hook.c
  trampoline.c
  Generating code
  Previous IPDB not found, fall back to full compilation.
D:\Git\Athena\dllmain.cpp(74): warning C4715: 'Initialize': not all control paths return a value
  All 396 functions were compiled because no usable IPDB/IOBJ from previous compilation was found.
  Finished generating code
  Athena.vcxproj -> D:\Git\Athena\x64\Release\Athena.dll
